h_data[0] = 0.127011
h_data[1] = 0.079399
h_data[2] = 0.261983
h_data[3] = 0.503212
h_data[4] = 0.942182
h_data[5] = 0.670115
h_data[6] = 0.497803
h_data[7] = 0.418164
h_data[8] = 0.71335
h_data[9] = 0.265718
h_data[10] = 0.00477328
h_data[11] = 0.587097
h_data[12] = 0.131532
h_data[13] = 0.62376
h_data[14] = 0.412374
h_data[15] = 0.756633
h_data[16] = 0.451523
h_data[17] = 0.280424
h_data[18] = 0.0814879
h_data[19] = 0.456758
h_data[20] = 0.56142
h_data[21] = 0.646886
h_data[22] = 0.897555
h_data[23] = 0.715055
h_data[24] = 0.508629
h_data[25] = 0.347729
h_data[26] = 0.166492
h_data[27] = 0.392069
h_data[28] = 0.613586
h_data[29] = 0.806474
h_data[30] = 0.753207
h_data[31] = 0.400531
h_data[32] = 0.934936
h_data[33] = 0.97189
h_data[34] = 0.181094
h_data[35] = 0.483223
h_data[36] = 0.684102
h_data[37] = 0.853085
h_data[38] = 0.390611
h_data[39] = 0.128207
h_data[40] = 0.70315
h_data[41] = 0.291239
h_data[42] = 0.251851
h_data[43] = 0.230363
h_data[44] = 0.952922
h_data[45] = 0.15374
h_data[46] = 0.800621
h_data[47] = 0.491984
h_data[48] = 0.919615
h_data[49] = 0.910073
h_data[50] = 0.831748
h_data[51] = 0.479292
h_data[52] = 0.544581
h_data[53] = 0.399296
h_data[54] = 0.76675
h_data[55] = 0.987786
h_data[56] = 0.829702
h_data[57] = 0.828148
h_data[58] = 0.829894
h_data[59] = 0.751006
h_data[60] = 0.674424
h_data[61] = 0.040477
h_data[62] = 0.353736
h_data[63] = 0.968517
h_data[64] = 0.937661
h_data[65] = 0.172245
h_data[66] = 0.88829
h_data[67] = 0.742683
h_data[68] = 0.305148
h_data[69] = 0.777212
h_data[70] = 0.0604279
h_data[71] = 0.846156
h_data[72] = 0.40928
h_data[73] = 0.683314
h_data[74] = 0.978335
h_data[75] = 0.738071
h_data[76] = 0.331596
h_data[77] = 0.234496
h_data[78] = 0.928903
h_data[79] = 0.392137
h_data[80] = 0.506587
h_data[81] = 0.218117
h_data[82] = 0.547889
h_data[83] = 0.737504
h_data[84] = 0.198454
h_data[85] = 0.641214
h_data[86] = 0.644413
h_data[87] = 0.102882
h_data[88] = 0.434226
h_data[89] = 0.786567
h_data[90] = 0.503871
h_data[91] = 0.443879
h_data[92] = 0.75544
h_data[93] = 0.644596
h_data[94] = 0.429321
h_data[95] = 0.803383
h_data[96] = 0.90082
h_data[97] = 0.487142
h_data[98] = 0.956431
h_data[99] = 0.917261
h_data[100] = 0.201361
h_data[101] = 0.673515
h_data[102] = 0.787026
h_data[103] = 0.835034
h_data[104] = 0.460491
h_data[105] = 0.483383
h_data[106] = 0.149184
h_data[107] = 0.014291
h_data[108] = 0.0309098
h_data[109] = 0.286512
h_data[110] = 0.924785
h_data[111] = 0.788174
h_data[112] = 0.0214862
h_data[113] = 0.587991
h_data[114] = 0.556497
h_data[115] = 0.670861
h_data[116] = 0.778107
h_data[117] = 0.652875
h_data[118] = 0.575632
h_data[119] = 0.267115
h_data[120] = 0.37789
h_data[121] = 0.0393065
h_data[122] = 0.353394
h_data[123] = 0.928557
h_data[124] = 0.627484
h_data[125] = 0.672073
h_data[126] = 0.74293
h_data[127] = 0.954569
h_data[128] = 0.164892
h_data[129] = 0.701841
h_data[130] = 0.933241
h_data[131] = 0.622409
h_data[132] = 0.51479
h_data[133] = 0.0473291
h_data[134] = 0.168439
h_data[135] = 0.94235
h_data[136] = 0.961996
h_data[137] = 0.915181
h_data[138] = 0.0135604
h_data[139] = 0.900476
h_data[140] = 0.919805
h_data[141] = 0.284206
h_data[142] = 0.374389
h_data[143] = 0.550878
h_data[144] = 0.488065
h_data[145] = 0.310897
h_data[146] = 0.251372
h_data[147] = 0.186746
h_data[148] = 0.194686
h_data[149] = 0.829227
h_data[150] = 0.649395
h_data[151] = 0.73289
h_data[152] = 0.786938
h_data[153] = 0.292105
h_data[154] = 0.793127
h_data[155] = 0.836162
h_data[156] = 0.868923
h_data[157] = 0.972855
h_data[158] = 0.237946
h_data[159] = 0.208242
h_data[160] = 0.4133
h_data[161] = 0.79017
h_data[162] = 0.328217
h_data[163] = 0.170112
h_data[164] = 0.636888
h_data[165] = 0.567346
h_data[166] = 0.164001
h_data[167] = 0.13792
h_data[168] = 0.44952
h_data[169] = 0.188616
h_data[170] = 0.400813
h_data[171] = 0.940517
h_data[172] = 0.998206
h_data[173] = 0.148884
h_data[174] = 0.667368
h_data[175] = 0.494877
h_data[176] = 0.546087
h_data[177] = 0.812703
h_data[178] = 0.31123
h_data[179] = 0.458004
h_data[180] = 0.82469
h_data[181] = 0.323145
h_data[182] = 0.640794
h_data[183] = 0.871105
h_data[184] = 0.149583
h_data[185] = 0.885959
h_data[186] = 0.242827
h_data[187] = 0.33953
h_data[188] = 0.290682
h_data[189] = 0.139124
h_data[190] = 0.471201
h_data[191] = 0.359954
h_data[192] = 0.401927
h_data[193] = 0.913208
h_data[194] = 0.723973
h_data[195] = 0.622534
h_data[196] = 0.78651
h_data[197] = 0.222679
h_data[198] = 0.835888
h_data[199] = 0.791632
h_data[200] = 0.514644
h_data[201] = 0.402393
h_data[202] = 0.62986
h_data[203] = 0.519829
h_data[204] = 0.687168
h_data[205] = 0.989301
h_data[206] = 0.148806
h_data[207] = 0.581739
h_data[208] = 0.978211
h_data[209] = 0.00588665
h_data[210] = 0.375223
h_data[211] = 0.729784
h_data[212] = 0.696212
h_data[213] = 0.708713
h_data[214] = 0.749321
h_data[215] = 0.82362
h_data[216] = 0.988856
h_data[217] = 0.179362
h_data[218] = 0.809415
h_data[219] = 0.301617
h_data[220] = 0.628865
h_data[221] = 0.367351
h_data[222] = 0.433928
h_data[223] = 0.656103
h_data[224] = 0.75991
h_data[225] = 0.19685
h_data[226] = 0.354711
h_data[227] = 0.879717
h_data[228] = 0.0996071
h_data[229] = 0.94073
h_data[230] = 0.274103
h_data[231] = 0.887279
h_data[232] = 0.962177
h_data[233] = 0.758437
h_data[234] = 0.736921
h_data[235] = 0.775642
h_data[236] = 0.436851
h_data[237] = 0.0507168
h_data[238] = 0.788677
h_data[239] = 0.811881
h_data[240] = 0.475307
h_data[241] = 0.135458
h_data[242] = 0.230441
h_data[243] = 0.96153
h_data[244] = 0.36344
h_data[245] = 0.89178
h_data[246] = 0.838092
h_data[247] = 0.690183
h_data[248] = 0.927513
h_data[249] = 0.421324
h_data[250] = 0.676235
h_data[251] = 0.743126
h_data[252] = 0.548016
h_data[253] = 0.994165
h_data[254] = 0.390052
h_data[255] = 0.73325
h_data[256] = 0.870727
h_data[257] = 0.0712601
h_data[258] = 0.647089
h_data[259] = 0.541891
h_data[260] = 0.038684
h_data[261] = 0.988334
h_data[262] = 0.163989
h_data[263] = 0.837391
h_data[264] = 0.762971
h_data[265] = 0.0383248
h_data[266] = 0.574215
h_data[267] = 0.579825
h_data[268] = 0.316614
h_data[269] = 0.987411
h_data[270] = 0.57512
h_data[271] = 0.433836
h_data[272] = 0.311186
h_data[273] = 0.491042
h_data[274] = 0.0376802
h_data[275] = 0.441646
h_data[276] = 0.904235
h_data[277] = 0.203124
h_data[278] = 0.205653
h_data[279] = 0.798236
h_data[280] = 0.159315
h_data[281] = 0.790846
h_data[282] = 0.0699606
h_data[283] = 0.252574
h_data[284] = 0.866453
h_data[285] = 0.24323
h_data[286] = 0.507726
h_data[287] = 0.887608
h_data[288] = 0.606666
h_data[289] = 0.409737
h_data[290] = 0.517257
h_data[291] = 0.893647
h_data[292] = 0.743149
h_data[293] = 0.649014
h_data[294] = 0.106877
h_data[295] = 0.582677
h_data[296] = 0.24396
h_data[297] = 0.580987
h_data[298] = 0.475989
h_data[299] = 0.519037
h_data[300] = 0.20176
h_data[301] = 0.648966
h_data[302] = 0.06229
h_data[303] = 0.926078
h_data[304] = 0.493123
h_data[305] = 0.0313496
h_data[306] = 0.313418
h_data[307] = 0.285796
h_data[308] = 0.845667
h_data[309] = 0.354901
h_data[310] = 0.0749034
h_data[311] = 0.779389
h_data[312] = 0.00662342
h_data[313] = 0.775271
h_data[314] = 0.579553
h_data[315] = 0.156817
h_data[316] = 0.898094
h_data[317] = 0.262944
h_data[318] = 0.872274
h_data[319] = 0.609475
h_data[320] = 0.19528
h_data[321] = 0.454248
h_data[322] = 0.902388
h_data[323] = 0.0694937
h_data[324] = 0.938266
h_data[325] = 0.554908
h_data[326] = 0.714782
h_data[327] = 0.449235
h_data[328] = 0.647129
h_data[329] = 0.33616
h_data[330] = 0.00106824
h_data[331] = 0.566958
h_data[332] = 0.191409
h_data[333] = 0.395473
h_data[334] = 0.274808
h_data[335] = 0.377072
h_data[336] = 0.681462
h_data[337] = 0.645161
h_data[338] = 0.232182
h_data[339] = 0.439616
h_data[340] = 0.332504
h_data[341] = 0.760679
h_data[342] = 0.116104
h_data[343] = 0.526894
h_data[344] = 0.630143
h_data[345] = 0.650699
h_data[346] = 0.898651
h_data[347] = 0.565145
h_data[348] = 0.911696
h_data[349] = 0.58301
h_data[350] = 0.984219
h_data[351] = 0.694315
h_data[352] = 0.408406
h_data[353] = 0.980669
h_data[354] = 0.324202
h_data[355] = 0.715845
h_data[356] = 0.632088
h_data[357] = 0.604543
h_data[358] = 0.17791
h_data[359] = 0.334279
h_data[360] = 0.667276
h_data[361] = 0.174018
h_data[362] = 0.733573
h_data[363] = 0.902535
h_data[364] = 0.11263
h_data[365] = 0.817714
h_data[366] = 0.748779
h_data[367] = 0.249178
h_data[368] = 0.917582
h_data[369] = 0.101008
h_data[370] = 0.418781
h_data[371] = 0.0480623
h_data[372] = 0.268969
h_data[373] = 0.00769205
h_data[374] = 0.296076
h_data[375] = 0.398782
h_data[376] = 0.450839
h_data[377] = 0.689808
h_data[378] = 0.868139
h_data[379] = 0.910714
h_data[380] = 0.724913
h_data[381] = 0.731477
h_data[382] = 0.045412
h_data[383] = 0.996082
h_data[384] = 0.638794
h_data[385] = 0.600533
h_data[386] = 0.981811
h_data[387] = 0.60603
h_data[388] = 0.375856
h_data[389] = 0.159911
h_data[390] = 0.508538
h_data[391] = 0.876522
h_data[392] = 0.59086
h_data[393] = 0.257447
h_data[394] = 0.884262
h_data[395] = 0.833316
h_data[396] = 0.92942
h_data[397] = 0.933618
h_data[398] = 0.52499
h_data[399] = 0.482599
h_data[400] = 0.249638
h_data[401] = 0.0689044
h_data[402] = 0.482402
h_data[403] = 0.853462
h_data[404] = 0.294272
h_data[405] = 0.387392
h_data[406] = 0.789663
h_data[407] = 0.768297
h_data[408] = 0.145082
h_data[409] = 0.306299
h_data[410] = 0.270214
h_data[411] = 0.332877
h_data[412] = 0.0763706
h_data[413] = 0.788271
h_data[414] = 0.135842
h_data[415] = 0.203151
h_data[416] = 0.175905
h_data[417] = 0.318025
h_data[418] = 0.0204261
h_data[419] = 0.215396
h_data[420] = 0.776667
h_data[421] = 0.141134
h_data[422] = 0.954397
h_data[423] = 0.272756
h_data[424] = 0.328548
h_data[425] = 0.241616
h_data[426] = 0.287429
h_data[427] = 0.278035
h_data[428] = 0.585883
h_data[429] = 0.46105
h_data[430] = 0.87706
h_data[431] = 0.532608
h_data[432] = 0.0933635
h_data[433] = 0.134607
h_data[434] = 0.699085
h_data[435] = 0.76062
h_data[436] = 0.0865263
h_data[437] = 0.0476701
h_data[438] = 0.309837
h_data[439] = 0.336562
h_data[440] = 0.279055
h_data[441] = 0.630337
h_data[442] = 0.523504
h_data[443] = 0.81911
h_data[444] = 0.959056
h_data[445] = 0.308451
h_data[446] = 0.857433
h_data[447] = 0.391631
h_data[448] = 0.610549
h_data[449] = 0.383764
h_data[450] = 0.407903
h_data[451] = 0.0223391
h_data[452] = 0.604259
h_data[453] = 0.540357
h_data[454] = 0.705645
h_data[455] = 0.984542
h_data[456] = 0.602992
h_data[457] = 0.0984205
h_data[458] = 0.618232
h_data[459] = 0.406673
h_data[460] = 0.0502235
h_data[461] = 0.467228
h_data[462] = 0.677352
h_data[463] = 0.428255
h_data[464] = 0.690408
h_data[465] = 0.601645
h_data[466] = 0.763937
h_data[467] = 0.0291314
h_data[468] = 0.192587
h_data[469] = 0.678331
h_data[470] = 0.321899
h_data[471] = 0.576973
h_data[472] = 0.823298
h_data[473] = 0.07771
h_data[474] = 0.638252
h_data[475] = 0.376322
h_data[476] = 0.112583
h_data[477] = 0.736978
h_data[478] = 0.398725
h_data[479] = 0.30462
h_data[480] = 0.992811
h_data[481] = 0.42287
h_data[482] = 0.0501777
h_data[483] = 0.479083
h_data[484] = 0.716882
h_data[485] = 0.684229
h_data[486] = 0.81744
h_data[487] = 0.755355
h_data[488] = 0.445629
h_data[489] = 0.919094
h_data[490] = 0.408169
h_data[491] = 0.771512
h_data[492] = 0.850557
h_data[493] = 0.876364
h_data[494] = 0.410919
h_data[495] = 0.415031
h_data[496] = 0.895902
h_data[497] = 0.371454
h_data[498] = 0.942837
h_data[499] = 0.786291
h_data[500] = 0.456431
h_data[501] = 0.360638
h_data[502] = 0.204909
h_data[503] = 0.419741
h_data[504] = 0.966406
h_data[505] = 0.427819
h_data[506] = 0.258279
h_data[507] = 0.960438
h_data[508] = 0.712589
h_data[509] = 0.810018
h_data[510] = 0.768893
h_data[511] = 0.987492
h_data[512] = 0.759582
h_data[513] = 0.918546
h_data[514] = 0.385947
h_data[515] = 0.0214106
h_data[516] = 0.0597466
h_data[517] = 0.232014
h_data[518] = 0.0556224
h_data[519] = 0.410021
h_data[520] = 0.651128
h_data[521] = 0.90795
h_data[522] = 0.878027
h_data[523] = 0.322791
h_data[524] = 0.0926001
h_data[525] = 0.800669
h_data[526] = 0.874668
h_data[527] = 0.101372
h_data[528] = 0.649798
h_data[529] = 0.462119
h_data[530] = 0.212559
h_data[531] = 0.676571
h_data[532] = 0.835506
h_data[533] = 0.45265
h_data[534] = 0.49077
h_data[535] = 0.789185
h_data[536] = 0.606973
h_data[537] = 0.611362
h_data[538] = 0.876735
h_data[539] = 0.404165
h_data[540] = 0.0895388
h_data[541] = 0.860256
h_data[542] = 0.42413
h_data[543] = 0.01298
h_data[544] = 0.0891596
h_data[545] = 0.556293
h_data[546] = 0.631135
h_data[547] = 0.492712
h_data[548] = 0.520106
h_data[549] = 0.355334
h_data[550] = 0.296241
h_data[551] = 0.689812
h_data[552] = 0.749245
h_data[553] = 0.576305
h_data[554] = 0.961808
h_data[555] = 0.651941
h_data[556] = 0.367316
h_data[557] = 0.627347
h_data[558] = 0.974223
h_data[559] = 0.045257
h_data[560] = 0.802838
h_data[561] = 0.132936
h_data[562] = 0.884867
h_data[563] = 0.762825
h_data[564] = 0.952401
h_data[565] = 0.300692
h_data[566] = 0.477452
h_data[567] = 0.0537821
h_data[568] = 0.811763
h_data[569] = 0.573506
h_data[570] = 0.0822547
h_data[571] = 0.167905
h_data[572] = 0.177663
h_data[573] = 0.555454
h_data[574] = 0.492409
h_data[575] = 0.590647
h_data[576] = 0.861953
h_data[577] = 0.475546
h_data[578] = 0.39988
h_data[579] = 0.101771
h_data[580] = 0.0935294
h_data[581] = 0.320533
h_data[582] = 0.844332
h_data[583] = 0.493479
h_data[584] = 0.0546844
h_data[585] = 0.0874575
h_data[586] = 0.921526
h_data[587] = 0.160878
h_data[588] = 0.415162
h_data[589] = 0.803075
h_data[590] = 0.0211664
h_data[591] = 0.390866
h_data[592] = 0.588968
h_data[593] = 0.707041
h_data[594] = 0.475843
h_data[595] = 0.871167
h_data[596] = 0.513959
h_data[597] = 0.386781
h_data[598] = 0.457598
h_data[599] = 0.436348
h_data[600] = 0.0835212
h_data[601] = 0.998578
h_data[602] = 0.328247
h_data[603] = 0.18256
h_data[604] = 0.0665439
h_data[605] = 0.151007
h_data[606] = 0.0704084
h_data[607] = 0.237826
h_data[608] = 0.20219
h_data[609] = 0.419685
h_data[610] = 0.2594
h_data[611] = 0.211952
h_data[612] = 0.587631
h_data[613] = 0.613733
h_data[614] = 0.225436
h_data[615] = 0.756194
h_data[616] = 0.433587
h_data[617] = 0.0804909
h_data[618] = 0.213234
h_data[619] = 0.355712
h_data[620] = 0.40095
h_data[621] = 0.0775027
h_data[622] = 0.965762
h_data[623] = 0.550609
h_data[624] = 0.276823
h_data[625] = 0.242573
h_data[626] = 0.337748
h_data[627] = 0.260327
h_data[628] = 0.0127576
h_data[629] = 0.988748
h_data[630] = 0.68101
h_data[631] = 0.128475
h_data[632] = 0.611283
h_data[633] = 0.54023
h_data[634] = 0.411381
h_data[635] = 0.0680699
h_data[636] = 0.402491
h_data[637] = 0.167579
h_data[638] = 0.567737
h_data[639] = 0.228051
h_data[640] = 0.0934338
h_data[641] = 0.336771
h_data[642] = 0.216901
h_data[643] = 0.287189
h_data[644] = 0.669997
h_data[645] = 0.0640195
h_data[646] = 0.503039
h_data[647] = 0.816578
h_data[648] = 0.918474
h_data[649] = 0.891718
h_data[650] = 0.368041
h_data[651] = 0.0955965
h_data[652] = 0.192708
h_data[653] = 0.587291
h_data[654] = 0.107676
h_data[655] = 0.477898
h_data[656] = 0.590437
h_data[657] = 0.637686
h_data[658] = 0.329152
h_data[659] = 0.0745063
h_data[660] = 0.727298
h_data[661] = 0.244411
h_data[662] = 0.206949
h_data[663] = 0.44199
h_data[664] = 0.147195
h_data[665] = 0.998735
h_data[666] = 0.979363
h_data[667] = 0.754889
h_data[668] = 0.181074
h_data[669] = 0.738112
h_data[670] = 0.117131
h_data[671] = 0.561772
h_data[672] = 0.888396
h_data[673] = 0.366102
h_data[674] = 0.202823
h_data[675] = 0.706347
h_data[676] = 0.92206
h_data[677] = 0.264069
h_data[678] = 0.158242
h_data[679] = 0.888925
h_data[680] = 0.749034
h_data[681] = 0.824103
h_data[682] = 0.0364264
h_data[683] = 0.215286
h_data[684] = 0.810432
h_data[685] = 0.089053
h_data[686] = 0.625723
h_data[687] = 0.674261
h_data[688] = 0.325176
h_data[689] = 0.222631
h_data[690] = 0.677382
h_data[691] = 0.809385
h_data[692] = 0.186287
h_data[693] = 0.168807
h_data[694] = 0.790874
h_data[695] = 0.858532
h_data[696] = 0.0332574
h_data[697] = 0.46467
h_data[698] = 0.484145
h_data[699] = 0.572876
h_data[700] = 0.607601
h_data[701] = 0.166905
h_data[702] = 0.780964
h_data[703] = 0.924885
h_data[704] = 0.884747
h_data[705] = 0.725218
h_data[706] = 0.637705
h_data[707] = 0.467998
h_data[708] = 0.133509
h_data[709] = 0.833447
h_data[710] = 0.0620553
h_data[711] = 0.276886
h_data[712] = 0.926354
h_data[713] = 0.897496
h_data[714] = 0.939527
h_data[715] = 0.302633
h_data[716] = 9.31649e-05
h_data[717] = 0.365347
h_data[718] = 0.575278
h_data[719] = 0.152859
h_data[720] = 0.480656
h_data[721] = 0.279108
h_data[722] = 0.382135
h_data[723] = 0.786684
h_data[724] = 0.754073
h_data[725] = 0.81511
h_data[726] = 0.220963
h_data[727] = 0.0913043
h_data[728] = 0.822609
h_data[729] = 0.210509
h_data[730] = 0.906711
h_data[731] = 0.410763
h_data[732] = 0.929664
h_data[733] = 0.26253
h_data[734] = 0.0709642
h_data[735] = 0.831951
h_data[736] = 0.588058
h_data[737] = 0.0574928
h_data[738] = 0.910584
h_data[739] = 0.0592887
h_data[740] = 0.671435
h_data[741] = 0.205223
h_data[742] = 0.102022
h_data[743] = 0.0720884
h_data[744] = 0.849082
h_data[745] = 0.0792931
h_data[746] = 0.919229
h_data[747] = 0.710543
h_data[748] = 0.28786
h_data[749] = 0.251119
h_data[750] = 0.0745185
h_data[751] = 0.909597
h_data[752] = 0.52994
h_data[753] = 0.0459313
h_data[754] = 0.724229
h_data[755] = 0.750117
h_data[756] = 0.179649
h_data[757] = 0.813375
h_data[758] = 0.774345
h_data[759] = 0.0319874
h_data[760] = 0.0165952
h_data[761] = 0.0694517
h_data[762] = 0.409924
h_data[763] = 0.766632
h_data[764] = 0.385987
h_data[765] = 0.268747
h_data[766] = 0.801178
h_data[767] = 0.678593
h_data[768] = 0.0948752
h_data[769] = 0.0416169
h_data[770] = 0.79212
h_data[771] = 0.423818
h_data[772] = 0.235723
h_data[773] = 0.0566769
h_data[774] = 0.732035
h_data[775] = 0.578104
h_data[776] = 0.0683122
h_data[777] = 0.313303
h_data[778] = 0.370066
h_data[779] = 0.105624
h_data[780] = 0.0693486
h_data[781] = 0.649441
h_data[782] = 0.652641
h_data[783] = 0.951553
h_data[784] = 0.937714
h_data[785] = 0.167547
h_data[786] = 0.806494
h_data[787] = 0.269479
h_data[788] = 0.261221
h_data[789] = 0.54109
h_data[790] = 0.00293798
h_data[791] = 0.477345
h_data[792] = 0.949946
h_data[793] = 0.032959
h_data[794] = 0.544928
h_data[795] = 0.159749
h_data[796] = 0.176238
h_data[797] = 0.401234
h_data[798] = 0.849696
h_data[799] = 0.755747
h_data[800] = 0.0229606
h_data[801] = 0.390729
h_data[802] = 0.380994
h_data[803] = 0.770129
h_data[804] = 0.680832
h_data[805] = 0.134646
h_data[806] = 0.8194
h_data[807] = 0.194806
h_data[808] = 0.578232
h_data[809] = 0.201715
h_data[810] = 0.36443
h_data[811] = 0.723525
h_data[812] = 0.569969
h_data[813] = 0.0969685
h_data[814] = 0.392662
h_data[815] = 0.111805
h_data[816] = 0.810844
h_data[817] = 0.48571
h_data[818] = 0.607537
h_data[819] = 0.530301
h_data[820] = 0.154403
h_data[821] = 0.702831
h_data[822] = 0.222404
h_data[823] = 0.849892
h_data[824] = 0.815138
h_data[825] = 0.836011
h_data[826] = 0.502381
h_data[827] = 0.580996
h_data[828] = 0.507678
h_data[829] = 0.80737
h_data[830] = 0.523029
h_data[831] = 0.658701
h_data[832] = 0.686704
h_data[833] = 0.887265
h_data[834] = 0.41968
h_data[835] = 0.0302261
h_data[836] = 0.217464
h_data[837] = 0.262044
h_data[838] = 0.79327
h_data[839] = 0.719998
h_data[840] = 0.731766
h_data[841] = 0.196045
h_data[842] = 0.710759
h_data[843] = 0.03812
h_data[844] = 0.731333
h_data[845] = 0.951023
h_data[846] = 0.505797
h_data[847] = 0.707624
h_data[848] = 0.708988
h_data[849] = 0.645998
h_data[850] = 0.926018
h_data[851] = 0.221679
h_data[852] = 0.982405
h_data[853] = 0.588783
h_data[854] = 0.524354
h_data[855] = 0.118769
h_data[856] = 0.685817
h_data[857] = 0.779283
h_data[858] = 0.249819
h_data[859] = 0.428008
h_data[860] = 0.883017
h_data[861] = 0.119254
h_data[862] = 0.0774854
h_data[863] = 0.0235266
h_data[864] = 0.168196
h_data[865] = 0.858888
h_data[866] = 0.789819
h_data[867] = 0.282508
h_data[868] = 0.591841
h_data[869] = 0.12305
h_data[870] = 0.345987
h_data[871] = 0.344639
h_data[872] = 0.0389591
h_data[873] = 0.836824
h_data[874] = 0.725098
h_data[875] = 0.973687
h_data[876] = 0.109258
h_data[877] = 0.08816
h_data[878] = 0.660509
h_data[879] = 0.238231
h_data[880] = 0.381486
h_data[881] = 0.95625
h_data[882] = 0.874308
h_data[883] = 0.741978
h_data[884] = 0.689193
h_data[885] = 0.17735
h_data[886] = 0.630606
h_data[887] = 0.733813
h_data[888] = 0.626186
h_data[889] = 0.185272
h_data[890] = 0.805245
h_data[891] = 0.0863925
h_data[892] = 0.277995
h_data[893] = 0.279441
h_data[894] = 0.672318
h_data[895] = 0.934304
h_data[896] = 0.049468
h_data[897] = 0.60288
h_data[898] = 0.284572
h_data[899] = 0.758015
h_data[900] = 0.496289
h_data[901] = 0.667209
h_data[902] = 0.535375
h_data[903] = 0.922297
h_data[904] = 0.230595
h_data[905] = 0.719248
h_data[906] = 0.192795
h_data[907] = 0.245149
h_data[908] = 0.440529
h_data[909] = 0.10181
h_data[910] = 0.0462488
h_data[911] = 0.739599
h_data[912] = 0.714351
h_data[913] = 0.32958
h_data[914] = 0.647169
h_data[915] = 0.765299
h_data[916] = 0.783887
h_data[917] = 0.218668
h_data[918] = 0.761341
h_data[919] = 0.645693
h_data[920] = 0.129288
h_data[921] = 0.681451
h_data[922] = 0.477217
h_data[923] = 0.319305
h_data[924] = 0.597739
h_data[925] = 0.26913
h_data[926] = 0.689353
h_data[927] = 0.628856
h_data[928] = 0.876936
h_data[929] = 0.672124
h_data[930] = 0.844195
h_data[931] = 0.949709
h_data[932] = 0.746847
h_data[933] = 0.555002
h_data[934] = 0.924742
h_data[935] = 0.599006
h_data[936] = 0.0681667
h_data[937] = 0.563942
h_data[938] = 0.228473
h_data[939] = 0.949685
h_data[940] = 0.0307093
h_data[941] = 0.00580095
h_data[942] = 0.36698
h_data[943] = 0.580172
h_data[944] = 0.503712
h_data[945] = 0.791509
h_data[946] = 0.119714
h_data[947] = 0.722787
h_data[948] = 0.709706
h_data[949] = 0.964934
h_data[950] = 0.869649
h_data[951] = 0.475384
h_data[952] = 0.489921
h_data[953] = 0.529133
h_data[954] = 0.736982
h_data[955] = 0.126416
h_data[956] = 0.766854
h_data[957] = 0.0466368
h_data[958] = 0.856734
h_data[959] = 0.797826
h_data[960] = 0.170842
h_data[961] = 0.234057
h_data[962] = 0.894846
h_data[963] = 0.582917
h_data[964] = 0.491942
h_data[965] = 0.538387
h_data[966] = 0.243996
h_data[967] = 0.0915912
h_data[968] = 0.677819
h_data[969] = 0.785414
h_data[970] = 0.804404
h_data[971] = 0.934366
h_data[972] = 0.722653
h_data[973] = 0.883526
h_data[974] = 0.503473
h_data[975] = 0.245373
h_data[976] = 0.220351
h_data[977] = 0.65198
h_data[978] = 0.273905
h_data[979] = 0.135782
h_data[980] = 0.765943
h_data[981] = 0.329588
h_data[982] = 0.361898
h_data[983] = 0.439961
h_data[984] = 0.54568
h_data[985] = 0.473397
h_data[986] = 0.466067
h_data[987] = 0.565729
h_data[988] = 0.319158
h_data[989] = 0.230077
h_data[990] = 0.395106
h_data[991] = 0.630171
h_data[992] = 0.378908
h_data[993] = 0.728063
h_data[994] = 0.492921
h_data[995] = 0.0689789
h_data[996] = 0.216654
h_data[997] = 0.432786
h_data[998] = 0.439162
h_data[999] = 0.0171089
h_data[1000] = 0.231969
h_data[1001] = 0.383425
h_data[1002] = 0.116266
h_data[1003] = 0.0670456
h_data[1004] = 0.336292
h_data[1005] = 0.592025
h_data[1006] = 0.556468
h_data[1007] = 0.565017
h_data[1008] = 0.623255
h_data[1009] = 0.017895
h_data[1010] = 0.862345
h_data[1011] = 0.554293
h_data[1012] = 0.982024
h_data[1013] = 0.0615919
h_data[1014] = 0.735738
h_data[1015] = 0.857654
h_data[1016] = 0.567792
h_data[1017] = 0.144369
h_data[1018] = 0.320835
h_data[1019] = 0.778717
h_data[1020] = 0.891823
h_data[1021] = 0.749644
h_data[1022] = 0.234316
h_data[1023] = 0.80176
h_data[1024] = 0.72851
h_data[1025] = 0.389632
h_data[1026] = 0.264606
h_data[1027] = 0.790626
h_data[1028] = 0.173455
h_data[1029] = 0.549728
h_data[1030] = 0.0661382
h_data[1031] = 0.687677
h_data[1032] = 0.487595
h_data[1033] = 0.860347
h_data[1034] = 0.203156
h_data[1035] = 0.452184
h_data[1036] = 0.851218
h_data[1037] = 0.726912
h_data[1038] = 0.135204
h_data[1039] = 0.539897
h_data[1040] = 0.759923
h_data[1041] = 0.274238
h_data[1042] = 0.286363
h_data[1043] = 0.225861
h_data[1044] = 0.27425
h_data[1045] = 0.2029
h_data[1046] = 0.280499
h_data[1047] = 0.93182
h_data[1048] = 0.773376
h_data[1049] = 0.0194618
h_data[1050] = 0.853635
h_data[1051] = 0.780203
h_data[1052] = 0.771625
h_data[1053] = 0.0259198
h_data[1054] = 0.830534
h_data[1055] = 0.805115
h_data[1056] = 0.0343455
h_data[1057] = 0.588919
h_data[1058] = 0.914386
h_data[1059] = 0.252332
h_data[1060] = 0.621849
h_data[1061] = 0.386035
h_data[1062] = 0.276997
h_data[1063] = 0.122679
h_data[1064] = 0.944337
h_data[1065] = 0.946254
h_data[1066] = 0.850045
h_data[1067] = 0.995937
h_data[1068] = 0.239195
h_data[1069] = 0.762262
h_data[1070] = 0.558413
h_data[1071] = 0.371414
h_data[1072] = 0.408444
h_data[1073] = 0.683872
h_data[1074] = 0.347668
h_data[1075] = 0.421217
h_data[1076] = 0.992291
h_data[1077] = 0.489921
h_data[1078] = 0.212822
h_data[1079] = 0.518106
h_data[1080] = 0.432433
h_data[1081] = 0.0557782
h_data[1082] = 0.152509
h_data[1083] = 0.532215
h_data[1084] = 0.112037
h_data[1085] = 0.0724344
h_data[1086] = 0.974616
h_data[1087] = 0.89955
h_data[1088] = 0.310535
h_data[1089] = 0.332512
h_data[1090] = 0.891373
h_data[1091] = 0.936936
h_data[1092] = 0.133509
h_data[1093] = 0.342977
h_data[1094] = 0.64416
h_data[1095] = 0.0261942
h_data[1096] = 0.687155
h_data[1097] = 0.700848
h_data[1098] = 0.423735
h_data[1099] = 0.414784
h_data[1100] = 0.314722
h_data[1101] = 0.328176
h_data[1102] = 0.774338
h_data[1103] = 0.710265
h_data[1104] = 0.477949
h_data[1105] = 0.244455
h_data[1106] = 0.294146
h_data[1107] = 0.297101
h_data[1108] = 0.208492
h_data[1109] = 0.545239
h_data[1110] = 0.99148
h_data[1111] = 0.607887
h_data[1112] = 0.893502
h_data[1113] = 0.0698141
h_data[1114] = 0.541906
h_data[1115] = 0.90967
h_data[1116] = 0.62511
h_data[1117] = 0.0305882
h_data[1118] = 0.896706
h_data[1119] = 0.0195097
h_data[1120] = 0.468632
h_data[1121] = 0.731698
h_data[1122] = 0.15428
h_data[1123] = 0.977914
h_data[1124] = 0.551616
h_data[1125] = 0.748194
h_data[1126] = 0.415226
h_data[1127] = 0.804668
h_data[1128] = 0.023733
h_data[1129] = 0.0369099
h_data[1130] = 0.473248
h_data[1131] = 0.270523
h_data[1132] = 0.11286
h_data[1133] = 0.631361
h_data[1134] = 0.604523
h_data[1135] = 0.286772
h_data[1136] = 0.587294
h_data[1137] = 0.00217411
h_data[1138] = 0.862014
h_data[1139] = 0.651823
h_data[1140] = 0.701992
h_data[1141] = 0.894439
h_data[1142] = 0.789353
h_data[1143] = 0.445686
h_data[1144] = 0.0743003
h_data[1145] = 0.168265
h_data[1146] = 0.189777
h_data[1147] = 0.766834
h_data[1148] = 0.22743
h_data[1149] = 0.238433
h_data[1150] = 0.173409
h_data[1151] = 0.511055
h_data[1152] = 0.493092
h_data[1153] = 0.974529
h_data[1154] = 0.823925
h_data[1155] = 0.0933304
h_data[1156] = 0.687907
h_data[1157] = 0.531413
h_data[1158] = 0.67689
h_data[1159] = 0.134363
h_data[1160] = 0.0566003
h_data[1161] = 0.983867
h_data[1162] = 0.0346108
h_data[1163] = 0.935214
h_data[1164] = 0.790546
h_data[1165] = 0.781984
h_data[1166] = 0.547619
h_data[1167] = 0.786293
h_data[1168] = 0.401305
h_data[1169] = 0.0515411
h_data[1170] = 0.83336
h_data[1171] = 0.0932121
h_data[1172] = 0.451245
h_data[1173] = 0.394539
h_data[1174] = 0.446297
h_data[1175] = 0.220311
h_data[1176] = 0.983543
h_data[1177] = 0.844582
h_data[1178] = 0.236663
h_data[1179] = 0.870854
h_data[1180] = 0.161395
h_data[1181] = 0.590806
h_data[1182] = 0.26412
h_data[1183] = 0.280593
h_data[1184] = 0.816118
h_data[1185] = 0.107455
h_data[1186] = 0.861452
h_data[1187] = 0.81196
h_data[1188] = 0.467089
h_data[1189] = 0.186324
h_data[1190] = 0.856257
h_data[1191] = 0.342059
h_data[1192] = 0.548539
h_data[1193] = 0.172816
h_data[1194] = 0.553505
h_data[1195] = 0.0582993
h_data[1196] = 0.37651
h_data[1197] = 0.953126
h_data[1198] = 0.141373
h_data[1199] = 0.360839
h_data[1200] = 0.269495
h_data[1201] = 0.865001
h_data[1202] = 0.96105
h_data[1203] = 0.696776
h_data[1204] = 0.415861
h_data[1205] = 0.477726
h_data[1206] = 0.759661
h_data[1207] = 0.267618
h_data[1208] = 0.752858
h_data[1209] = 0.376284
h_data[1210] = 0.388639
h_data[1211] = 0.127792
h_data[1212] = 0.745188
h_data[1213] = 0.0961586
h_data[1214] = 0.771139
h_data[1215] = 0.0287536
h_data[1216] = 0.471338
h_data[1217] = 0.155698
h_data[1218] = 0.00847117
h_data[1219] = 0.404433
h_data[1220] = 0.659538
h_data[1221] = 0.176961
h_data[1222] = 0.649581
h_data[1223] = 0.267989
h_data[1224] = 0.945313
h_data[1225] = 0.742024
h_data[1226] = 0.0242762
h_data[1227] = 0.498576
h_data[1228] = 0.515617
h_data[1229] = 0.135118
h_data[1230] = 0.97198
h_data[1231] = 0.816077
h_data[1232] = 0.195244
h_data[1233] = 0.144972
h_data[1234] = 0.243553
h_data[1235] = 0.602637
h_data[1236] = 0.976485
h_data[1237] = 0.379621
h_data[1238] = 0.225428
h_data[1239] = 0.264041
h_data[1240] = 0.858697
h_data[1241] = 0.0676392
h_data[1242] = 0.125973
h_data[1243] = 0.613973
h_data[1244] = 0.523571
h_data[1245] = 0.195817
h_data[1246] = 0.640437
h_data[1247] = 0.640406
h_data[1248] = 0.444371
h_data[1249] = 0.904694
h_data[1250] = 0.979474
h_data[1251] = 0.46
h_data[1252] = 0.166488
h_data[1253] = 0.21842
h_data[1254] = 0.168852
h_data[1255] = 0.777944
h_data[1256] = 0.781434
h_data[1257] = 0.226727
h_data[1258] = 0.515195
h_data[1259] = 0.298291
h_data[1260] = 0.535519
h_data[1261] = 0.412958
h_data[1262] = 0.968513
h_data[1263] = 0.919948
h_data[1264] = 0.471009
h_data[1265] = 0.165551
h_data[1266] = 0.541192
h_data[1267] = 0.636135
h_data[1268] = 0.735858
h_data[1269] = 0.0723794
h_data[1270] = 0.700768
h_data[1271] = 0.327739
h_data[1272] = 0.580879
h_data[1273] = 0.393361
h_data[1274] = 0.374571
h_data[1275] = 0.472409
h_data[1276] = 0.958866
h_data[1277] = 0.740347
h_data[1278] = 0.959628
h_data[1279] = 0.462893
h_data[1280] = 0.449547
h_data[1281] = 0.705604
h_data[1282] = 0.375675
h_data[1283] = 0.69524
h_data[1284] = 0.989648
h_data[1285] = 0.095398
h_data[1286] = 0.229815
h_data[1287] = 0.670051
h_data[1288] = 0.412367
h_data[1289] = 0.814349
h_data[1290] = 0.199275
h_data[1291] = 0.114103
h_data[1292] = 0.630238
h_data[1293] = 0.864582
h_data[1294] = 0.412287
h_data[1295] = 0.867585
h_data[1296] = 0.604785
h_data[1297] = 0.618063
h_data[1298] = 0.21706
h_data[1299] = 0.518066
h_data[1300] = 0.93255
h_data[1301] = 0.205217
h_data[1302] = 0.0729675
h_data[1303] = 0.187082
h_data[1304] = 0.149912
h_data[1305] = 0.602683
h_data[1306] = 0.223533
h_data[1307] = 0.22349
h_data[1308] = 0.351256
h_data[1309] = 0.158215
h_data[1310] = 0.270337
h_data[1311] = 0.65417
h_data[1312] = 0.77413
h_data[1313] = 0.458433
h_data[1314] = 0.295945
h_data[1315] = 0.370303
h_data[1316] = 0.852569
h_data[1317] = 0.0050402
h_data[1318] = 0.861488
h_data[1319] = 0.686861
h_data[1320] = 0.613955
h_data[1321] = 0.745476
h_data[1322] = 0.854495
h_data[1323] = 0.945587
h_data[1324] = 0.257982
h_data[1325] = 0.572021
h_data[1326] = 0.338808
h_data[1327] = 0.301637
h_data[1328] = 0.39409
h_data[1329] = 0.0715845
h_data[1330] = 0.911489
h_data[1331] = 0.647786
h_data[1332] = 0.337847
h_data[1333] = 0.33871
h_data[1334] = 0.212505
h_data[1335] = 0.19964
h_data[1336] = 0.227342
h_data[1337] = 0.57097
h_data[1338] = 0.81807
h_data[1339] = 0.593071
h_data[1340] = 0.440611
h_data[1341] = 0.573518
h_data[1342] = 0.333664
h_data[1343] = 0.572047
h_data[1344] = 0.382866
h_data[1345] = 0.86073
h_data[1346] = 0.210737
h_data[1347] = 0.0313156
h_data[1348] = 0.242217
h_data[1349] = 0.549298
h_data[1350] = 0.497629
h_data[1351] = 0.713891
h_data[1352] = 0.534394
h_data[1353] = 0.927279
h_data[1354] = 0.339338
h_data[1355] = 0.934351
h_data[1356] = 0.95007
h_data[1357] = 0.582281
h_data[1358] = 0.889057
h_data[1359] = 0.801144
h_data[1360] = 0.552136
h_data[1361] = 0.545735
h_data[1362] = 0.386107
h_data[1363] = 0.0201722
h_data[1364] = 0.474318
h_data[1365] = 0.832543
h_data[1366] = 0.48263
h_data[1367] = 0.082813
h_data[1368] = 0.302766
h_data[1369] = 0.0528593
h_data[1370] = 0.230126
h_data[1371] = 0.465919
h_data[1372] = 0.693684
h_data[1373] = 0.211464
h_data[1374] = 0.159002
h_data[1375] = 0.228716
h_data[1376] = 0.072351
h_data[1377] = 0.558216
h_data[1378] = 0.0305184
h_data[1379] = 0.761742
h_data[1380] = 0.666913
h_data[1381] = 0.791738
h_data[1382] = 0.387555
h_data[1383] = 0.650303
h_data[1384] = 0.425077
h_data[1385] = 0.326253
h_data[1386] = 0.74574
h_data[1387] = 0.590001
h_data[1388] = 0.383634
h_data[1389] = 0.84824
h_data[1390] = 0.879781
h_data[1391] = 0.802168
h_data[1392] = 0.126348
h_data[1393] = 0.381901
h_data[1394] = 0.630107
h_data[1395] = 0.898052
h_data[1396] = 0.439361
h_data[1397] = 0.495243
h_data[1398] = 0.0777571
h_data[1399] = 0.264417
h_data[1400] = 0.2968
h_data[1401] = 0.806457
h_data[1402] = 0.13911
h_data[1403] = 0.837609
h_data[1404] = 0.626482
h_data[1405] = 0.694663
h_data[1406] = 0.885267
h_data[1407] = 0.886694
h_data[1408] = 0.612603
h_data[1409] = 0.472907
h_data[1410] = 0.0485054
h_data[1411] = 0.991326
h_data[1412] = 0.0530238
h_data[1413] = 0.91055
h_data[1414] = 0.72994
h_data[1415] = 0.429821
h_data[1416] = 0.238064
h_data[1417] = 0.602302
h_data[1418] = 0.935519
h_data[1419] = 0.878804
h_data[1420] = 0.491571
h_data[1421] = 0.644924
h_data[1422] = 0.659282
h_data[1423] = 0.0239257
h_data[1424] = 0.319206
h_data[1425] = 0.902975
h_data[1426] = 0.47805
h_data[1427] = 0.247285
h_data[1428] = 0.953557
h_data[1429] = 0.145559
h_data[1430] = 0.773495
h_data[1431] = 0.493318
h_data[1432] = 0.105644
h_data[1433] = 0.230534
h_data[1434] = 0.18843
h_data[1435] = 0.494361
h_data[1436] = 0.516707
h_data[1437] = 0.0581634
h_data[1438] = 0.00648677
h_data[1439] = 0.904434
h_data[1440] = 0.755555
h_data[1441] = 0.19069
h_data[1442] = 0.738739
h_data[1443] = 0.94097
h_data[1444] = 0.112437
h_data[1445] = 0.949365
h_data[1446] = 0.653421
h_data[1447] = 0.111953
h_data[1448] = 0.844605
h_data[1449] = 0.805061
h_data[1450] = 0.114199
h_data[1451] = 0.629148
h_data[1452] = 0.743405
h_data[1453] = 0.682732
h_data[1454] = 0.3068
h_data[1455] = 0.383038
h_data[1456] = 0.0188285
h_data[1457] = 0.353789
h_data[1458] = 0.814179
h_data[1459] = 0.946864
h_data[1460] = 0.773459
h_data[1461] = 0.939961
h_data[1462] = 0.385465
h_data[1463] = 0.512642
h_data[1464] = 0.379724
h_data[1465] = 0.219081
h_data[1466] = 0.110219
h_data[1467] = 0.0879011
h_data[1468] = 0.414095
h_data[1469] = 0.260986
h_data[1470] = 0.0503849
h_data[1471] = 0.815885
h_data[1472] = 0.412651
h_data[1473] = 0.798973
h_data[1474] = 0.416891
h_data[1475] = 0.141654
h_data[1476] = 0.23766
h_data[1477] = 0.856557
h_data[1478] = 0.862221
h_data[1479] = 0.720826
h_data[1480] = 0.257289
h_data[1481] = 0.0112145
h_data[1482] = 0.932527
h_data[1483] = 0.0049194
h_data[1484] = 0.55359
h_data[1485] = 0.282345
h_data[1486] = 0.299087
h_data[1487] = 0.435644
h_data[1488] = 0.108507
h_data[1489] = 0.124525
h_data[1490] = 0.591996
h_data[1491] = 0.663215
h_data[1492] = 0.227726
h_data[1493] = 0.371156
h_data[1494] = 0.459096
h_data[1495] = 0.502061
h_data[1496] = 0.461038
h_data[1497] = 0.314462
h_data[1498] = 0.653605
h_data[1499] = 0.527607
h_data[1500] = 0.973727
h_data[1501] = 0.967638
h_data[1502] = 0.393003
h_data[1503] = 0.112417
h_data[1504] = 0.944003
h_data[1505] = 0.752618
h_data[1506] = 0.513246
h_data[1507] = 0.892314
h_data[1508] = 0.791802
h_data[1509] = 0.735287
h_data[1510] = 0.582616
h_data[1511] = 0.104647
h_data[1512] = 0.985024
h_data[1513] = 0.535917
h_data[1514] = 0.250051
h_data[1515] = 0.918497
h_data[1516] = 0.507715
h_data[1517] = 0.143784
h_data[1518] = 0.220708
h_data[1519] = 0.322288
h_data[1520] = 0.537363
h_data[1521] = 0.589563
h_data[1522] = 0.230976
h_data[1523] = 0.654429
h_data[1524] = 0.772061
h_data[1525] = 0.183392
h_data[1526] = 0.248065
h_data[1527] = 0.491358
h_data[1528] = 0.424995
h_data[1529] = 0.630401
h_data[1530] = 0.697179
h_data[1531] = 0.351773
h_data[1532] = 0.67271
h_data[1533] = 0.535245
h_data[1534] = 0.53487
h_data[1535] = 0.718932
generated numbers: 1536
Processing time: 14.134176 (ms)
Samples per second: 1.086728E+05 
